ARM GAS  main.s 			page 1


   1              	@HLDDIL001 HYLMUH001
   2              		.syntax unified
   3              		.cpu cortex-m0
   4              		.thumb
   5              		.global _start
   6              	
   7              	vectors:
   8 0000 00200020 		.word 0x20002000
   9 0004 01000000 		.word _start + 1
  10              	
  11              	_start:
  12              		@ Initialisations block
  13 0008 194E     		LDR R6, RCC_BASE		@Configure GPIO A and B Clock
  14 000a 1A48     		LDR R0, AHBENR_GPIOAB
  15 000c 7061     		STR R0, [R6, #0x14]		
  16              		
  17 000e 1A4E     		LDR R6, GPIOB_BASE		@Set first 8 GPIOs to Outputs
  18 0010 1B48     		LDR R0, MODER_OUTPUT
  19 0012 3060     		STR R0, [R6, #0]
  20              		
  21 0014 194D     		LDR R5, GPIOA_BASE		@Set first 4 GPIOs to Inputs
  22 0016 1B48     		LDR R0, MODERA_INPUT
  23 0018 2860     		STR R0, [R5, #0]
  24              		
  25 001a 184D     		LDR R5, GPIOA_BASE		@Configure first 4 GPIOA pins as Pulled Up (this line can be removed)
  26 001c 1A48     		LDR R0, GPIOA_PULLUP
  27 001e E860     		STR R0, [R5, #0x0C]
  28              		
  29 0020 0021     		MOVS R1, #0x00			@Initialise R1 to 0
  30              	    
  31 0022 1D4B     	    LDR R3, GPIOA_IDR      @Stores the input data register in R3
  32              	    
  33              		
  34              	    
  35              	@The code logic works
  36              	@***********************************    
  37              	main_loop:
  38              		@ Main block
  39 0024 0A00     	    MOVS R2, R1				@Write value to LEDs
  40 0026 7261     		STR R2, [R6, #0x14]
  41              	    
  42 0028 0127     	    MOVS R7, #1              @Incrementation register set to 1 by default
  43 002a 1848     	    LDR R0, LOOP_LENGTH1SEC @Default delay time
  44              	    
  45              	    @Check if SW0 pressed
  46 002c 0E24     	    MOVS R4, #0b1110
  47 002e 2340     	    ANDS R3, R3, R4
  48 0030 10D0     	    BEQ SW0Pressed
  49              	SW0Checked:
  50              	
  51              	    @Check if SW1 pressed
  52 0032 0D24     	    MOVS R4, #0b1101
  53 0034 2340     	    ANDS R3, R3, R4
  54 0036 0FD0     	    BEQ SW1Pressed
  55              	SW1Checked:
  56              	
  57              	    @Check if SW2 pressed 
ARM GAS  main.s 			page 2


  58 0038 0B24     	    MOVS R4, #0b1011
  59 003a 2340     	    ANDS R3, R3, R4
  60 003c 0ED0     	    BEQ SW2Pressed
  61              	@Note if sw2 is pressed, it'll overide sw3 
  62              	    
  63              	    @Check if SW3 pressed
  64 003e 0724     	    MOVS R4, #0b0111
  65 0040 2340     	    ANDS R3, R3, R4
  66 0042 0ED0     	    BEQ SW3Pressed
  67              	SW3Checked:
  68              	
  69              	    @Delay function
  70 0044 00F00FF8 		BL delay  
  71 0048 D119     	    ADDS R1, R2, R7	@Add R7 to previous value and store it in R1, will be skipped if SW2 was presse
  72 004a EBE7     	    B main_loop
  73              	    
  74              	SW2Checked:
  75 004c 00F00BF8 	    BL delay
  76 0050 D11B     	    SUBS R1, R2, R7
  77 0052 E7E7     		B main_loop
  78              	    
  79              	@***********************************
  80              	@Check statements:    
  81              	SW0Pressed:   
  82 0054 0227     	    MOVS R7, #2   @increments with 2
  83 0056 ECE7     	    B SW0Checked
  84              	    
  85              	SW1Pressed:    
  86 0058 0D48     		LDR R0, LOOP_LENGTH04SEC		@Load the delay time in R0
  87 005a EDE7     	    B SW1Checked
  88              	    
  89              	SW2Pressed:
  90 005c 0D48     	    LDR R0, LOOP_LENGTH03SEC        @Load the delay time in R0
  91 005e 0127     	    MOVS R7, #1
  92 0060 F4E7     	    B SW2Checked
  93              	
  94              	SW3Pressed:
  95 0062 0027     	    MOVS R7, #0
  96 0064 EEE7     	    B SW3Checked
  97              	
  98              	        
  99              	delay:
 100 0066 0138     		SUBS R0, #1
 101 0068 0028     		CMP R0, #0
 102 006a FCD1     		BNE delay
 103 006c 7047     		Bx lr
 104              	@***********************************
 105 006e C046     		.align
 106 0070 00100240 	RCC_BASE: 		.word 0x40021000
 107 0074 00000600 	AHBENR_GPIOAB: 	.word 0b1100000000000000000
 108 0078 00040048 	GPIOB_BASE: 	.word 0x48000400
 109 007c 00000048 	GPIOA_BASE:		.word 0x48000000
 110 0080 55550000 	MODER_OUTPUT: 	.word 0X5555
 111 0084 00000028 	MODERA_INPUT: 	.word 0x28000000
 112 0088 55000000 	GPIOA_PULLUP:	.word 0x55
 113 008c 00127A00 	LOOP_LENGTH1SEC: .word 0x7A1200				@1600000 in dec = 1sec
 114 0090 0048E801 	LOOP_LENGTH04SEC:   .word 0x01E84800
ARM GAS  main.s 			page 3


 115 0094 009F2400 	LOOP_LENGTH03SEC:   .word 0x249F00  
 116 0098 10040048 	GPIOA_IDR:       .word 0x48000410    
ARM GAS  main.s 			page 4


DEFINED SYMBOLS
              main.s:11     .text:00000008 _start
              main.s:7      .text:00000000 vectors
              main.s:106    .text:00000070 RCC_BASE
                            .text:00000000 $d
              main.s:13     .text:00000008 $t
              main.s:107    .text:00000074 AHBENR_GPIOAB
              main.s:108    .text:00000078 GPIOB_BASE
              main.s:110    .text:00000080 MODER_OUTPUT
              main.s:109    .text:0000007c GPIOA_BASE
              main.s:111    .text:00000084 MODERA_INPUT
              main.s:112    .text:00000088 GPIOA_PULLUP
              main.s:116    .text:00000098 GPIOA_IDR
              main.s:37     .text:00000024 main_loop
              main.s:113    .text:0000008c LOOP_LENGTH1SEC
              main.s:81     .text:00000054 SW0Pressed
              main.s:49     .text:00000032 SW0Checked
              main.s:85     .text:00000058 SW1Pressed
              main.s:55     .text:00000038 SW1Checked
              main.s:89     .text:0000005c SW2Pressed
              main.s:94     .text:00000062 SW3Pressed
              main.s:67     .text:00000044 SW3Checked
              main.s:99     .text:00000066 delay
              main.s:74     .text:0000004c SW2Checked
              main.s:114    .text:00000090 LOOP_LENGTH04SEC
              main.s:115    .text:00000094 LOOP_LENGTH03SEC
              main.s:106    .text:00000070 $d

NO UNDEFINED SYMBOLS
